// Jest Snapshot v1, https://goo.gl/fbAQLP

exports[`Hooks -> useFetchUsersQuery Should work fine 1`] = `
Array [
  Object {
    "login": "username1",
  },
]
`;
